[    0.000000] Linux version 4.15.0-212-generic (buildd@lcy02-amd64-083) (gcc version 7.5.0 (Ubuntu 7.5.0-3ubuntu1~18.04)) #223-Ubuntu SMP Tue May 23 13:09:22 UTC 2023 (Ubuntu 4.15.0-212.223-generic 4.15.18)
[    0.000000] Command line: BOOT_IMAGE=/boot/vmlinuz-4.15.0-212-generic root=LABEL=cloudimg-rootfs ro console=tty1 console=ttyS0
[    0.000000] KERNEL supported cpus:
[    0.000000]   Intel GenuineIntel
[    0.000000]   AMD AuthenticAMD
[    0.000000]   Centaur CentaurHauls
[    0.000000] x86/fpu: x87 FPU will use FXSAVE
[    0.000000] e820: BIOS-provided physical RAM map:
[    0.000000] BIOS-e820: [mem 0x0000000000000000-0x000000000009fbff] usable
[    0.000000] BIOS-e820: [mem 0x000000000009fc00-0x000000000009ffff] reserved
[    0.000000] BIOS-e820: [mem 0x00000000000f0000-0x00000000000fffff] reserved
[    0.000000] BIOS-e820: [mem 0x0000000000100000-0x000000001ffeffff] usable
[    0.000000] BIOS-e820: [mem 0x000000001fff0000-0x000000001fffffff] ACPI data
[    0.000000] BIOS-e820: [mem 0x00000000fec00000-0x00000000fec00fff] reserved
[    0.000000] BIOS-e820: [mem 0x00000000fee00000-0x00000000fee00fff] reserved
[    0.000000] BIOS-e820: [mem 0x00000000fffc0000-0x00000000ffffffff] reserved
[    0.000000] NX (Execute Disable) protection: active
[    0.000000] SMBIOS 2.5 present.
[    0.000000] DMI: innotek GmbH VirtualBox/VirtualBox, BIOS VirtualBox 12/01/2006
[    0.000000] Hypervisor detected: KVM
[    0.000000] e820: last_pfn = 0x1fff0 max_arch_pfn = 0x400000000
[    0.000000] x86/PAT: Configuration [0-7]: WB  WC  UC- UC  WB  WP  UC- WT  
[    0.000000] CPU MTRRs all blank - virtualized system.
[    0.000000] found SMP MP-table at [mem 0x0009fbf0-0x0009fbff]
[    0.000000] Scanning 1 areas for low memory corruption
[    0.000000] RAMDISK: [mem 0x1db01000-0x1ee12fff]
[    0.000000] ACPI: Early table checksum verification disabled
[    0.000000] ACPI: RSDP 0x00000000000E0000 000024 (v02 VBOX  )
[    0.000000] ACPI: XSDT 0x000000001FFF0030 00003C (v01 VBOX   VBOXXSDT 00000001 ASL  00000061)
[    0.000000] ACPI: FACP 0x000000001FFF00F0 0000F4 (v04 VBOX   VBOXFACP 00000001 ASL  00000061)
[    0.000000] ACPI: DSDT 0x000000001FFF0610 002353 (v02 VBOX   VBOXBIOS 00000002 INTL 20100528)
[    0.000000] ACPI: FACS 0x000000001FFF0200 000040
[    0.000000] ACPI: FACS 0x000000001FFF0200 000040
[    0.000000] ACPI: APIC 0x000000001FFF0240 000054 (v02 VBOX   VBOXAPIC 00000001 ASL  00000061)
[    0.000000] ACPI: SSDT 0x000000001FFF02A0 00036C (v01 VBOX   VBOXCPUT 00000002 INTL 20100528)
[    0.000000] ACPI: Reserving FACP table memory at [mem 0x1fff00f0-0x1fff01e3]
[    0.000000] ACPI: Reserving DSDT table memory at [mem 0x1fff0610-0x1fff2962]
[    0.000000] ACPI: Reserving FACS table memory at [mem 0x1fff0200-0x1fff023f]
[    0.000000] ACPI: Reserving FACS table memory at [mem 0x1fff0200-0x1fff023f]
[    0.000000] ACPI: Reserving APIC table memory at [mem 0x1fff0240-0x1fff0293]
[    0.000000] ACPI: Reserving SSDT table memory at [mem 0x1fff02a0-0x1fff060b]
[    0.000000] No NUMA configuration found
[    0.000000] Faking a node at [mem 0x0000000000000000-0x000000001ffeffff]
[    0.000000] NODE_DATA(0) allocated [mem 0x1ffc5000-0x1ffeffff]
[    0.000000] kvm-clock: cpu 0, msr 0:1ff44001, primary cpu clock
[    0.000000] kvm-clock: Using msrs 4b564d01 and 4b564d00
[    0.000000] kvm-clock: using sched offset of 9893492332 cycles
[    0.000000] clocksource: kvm-clock: mask: 0xffffffffffffffff max_cycles: 0x1cd42e4dffb, max_idle_ns: 881590591483 ns
[    0.000000] Zone ranges:
[    0.000000]   DMA      [mem 0x0000000000001000-0x0000000000ffffff]
[    0.000000]   DMA32    [mem 0x0000000001000000-0x000000001ffeffff]
[    0.000000]   Normal   empty
[    0.000000]   Device   empty
[    0.000000] Movable zone start for each node
[    0.000000] Early memory node ranges
[    0.000000]   node   0: [mem 0x0000000000001000-0x000000000009efff]
[    0.000000]   node   0: [mem 0x0000000000100000-0x000000001ffeffff]
[    0.000000] Reserved but unavailable: 104 pages
[    0.000000] Initmem setup node 0 [mem 0x0000000000001000-0x000000001ffeffff]
[    0.000000] ACPI: PM-Timer IO Port: 0x4008
[    0.000000] IOAPIC[0]: apic_id 1, version 32, address 0xfec00000, GSI 0-23
[    0.000000] ACPI: INT_SRC_OVR (bus 0 bus_irq 0 global_irq 2 dfl dfl)
[    0.000000] ACPI: INT_SRC_OVR (bus 0 bus_irq 9 global_irq 9 low level)
[    0.000000] Using ACPI (MADT) for SMP configuration information
[    0.000000] smpboot: Allowing 1 CPUs, 0 hotplug CPUs
[    0.000000] PM: Registered nosave memory: [mem 0x00000000-0x00000fff]
[    0.000000] PM: Registered nosave memory: [mem 0x0009f000-0x0009ffff]
[    0.000000] PM: Registered nosave memory: [mem 0x000a0000-0x000effff]
[    0.000000] PM: Registered nosave memory: [mem 0x000f0000-0x000fffff]
[    0.000000] e820: [mem 0x20000000-0xfebfffff] available for PCI devices
[    0.000000] Booting paravirtualized kernel on KVM
[    0.000000] clocksource: refined-jiffies: mask: 0xffffffff max_cycles: 0xffffffff, max_idle_ns: 7645519600211568 ns
[    0.000000] setup_percpu: NR_CPUS:8192 nr_cpumask_bits:1 nr_cpu_ids:1 nr_node_ids:1
[    0.000000] percpu: Embedded 50 pages/cpu s167936 r8192 d28672 u2097152
[    0.000000] PV qspinlock hash table entries: 256 (order: 0, 4096 bytes)
[    0.000000] Built 1 zonelists, mobility grouping on.  Total pages: 128889
[    0.000000] Policy zone: DMA32
[    0.000000] Kernel command line: BOOT_IMAGE=/boot/vmlinuz-4.15.0-212-generic root=LABEL=cloudimg-rootfs ro console=tty1 console=ttyS0
[    0.000000] Memory: 466748K/523832K available (12300K kernel code, 2477K rwdata, 4324K rodata, 2480K init, 2720K bss, 57084K reserved, 0K cma-reserved)
[    0.000000] SLUB: HWalign=64, Order=0-3, MinObjects=0, CPUs=1, Nodes=1
[    0.000000] Kernel/User page tables isolation: enabled
[    0.000000] ftrace: allocating 39508 entries in 155 pages
[    0.004000] Hierarchical RCU implementation.
[    0.004000] 	RCU restricting CPUs from NR_CPUS=8192 to nr_cpu_ids=1.
[    0.004000] 	Tasks RCU enabled.
[    0.004000] RCU: Adjusting geometry for rcu_fanout_leaf=16, nr_cpu_ids=1
[    0.004000] NR_IRQS: 524544, nr_irqs: 256, preallocated irqs: 16
[    0.004000] random: crng init done
[    0.004000] Console: colour VGA+ 80x25
[    0.004000] console [tty1] enabled
[    0.004000] console [ttyS0] enabled
[    0.004000] ACPI: Core revision 20170831
[    0.004000] ACPI: 2 ACPI AML tables successfully acquired and loaded
[    0.004000] APIC: Switch to symmetric I/O mode setup
[    0.008000] ..TIMER: vector=0x30 apic1=0 pin1=2 apic2=-1 pin2=-1
[    0.008020] tsc: Detected 2903.998 MHz processor
[    0.012038] Calibrating delay loop (skipped) preset value.. 5807.99 BogoMIPS (lpj=11615992)
[    0.016017] pid_max: default: 32768 minimum: 301
[    0.020114] Security Framework initialized
[    0.024017] Yama: becoming mindful.
[    0.028112] AppArmor: AppArmor initialized
[    0.032289] Dentry cache hash table entries: 65536 (order: 7, 524288 bytes)
[    0.036128] Inode-cache hash table entries: 32768 (order: 6, 262144 bytes)
[    0.040058] Mount-cache hash table entries: 1024 (order: 1, 8192 bytes)
[    0.044025] Mountpoint-cache hash table entries: 1024 (order: 1, 8192 bytes)
[    0.062120] Last level iTLB entries: 4KB 64, 2MB 8, 4MB 8
[    0.064014] Last level dTLB entries: 4KB 64, 2MB 0, 4MB 0, 1GB 4
[    0.068016] Spectre V1 : Mitigation: usercopy/swapgs barriers and __user pointer sanitization
[    0.072014] Spectre V2 : Mitigation: Retpolines
[    0.076011] Spectre V2 : Spectre v2 / SpectreRSB mitigation: Filling RSB on context switch
[    0.080011] Spectre V2 : Spectre v2 / SpectreRSB : Filling RSB on VMEXIT
[    0.084011] RETBleed: WARNING: Spectre v2 mitigation leaves CPU vulnerable to RETBleed attacks, data leaks possible!
[    0.088012] RETBleed: Vulnerable
[    0.092012] Speculative Store Bypass: Vulnerable
[    0.096388] MDS: Mitigation: Clear CPU buffers
[    0.104012] MMIO Stale Data: Mitigation: Clear CPU buffers
[    0.108014] SRBDS: Unknown: Dependent on hypervisor status
[    0.139626] Freeing SMP alternatives memory: 36K
[    0.256014] APIC calibration not consistent with PM-Timer: 112ms instead of 100ms
[    0.260000] APIC delta adjusted to PM-Timer: 6465818 (7250414)
[    0.262195] smpboot: CPU0: Intel(R) Core(TM) i7-7820HQ CPU @ 2.90GHz (family: 0x6, model: 0x9e, stepping: 0x9)
[    0.268563] Performance Events: unsupported p6 CPU model 158 no PMU driver, software events only.
[    0.272140] Hierarchical SRCU implementation.
[    0.278683] NMI watchdog: Perf event create on CPU 0 failed with -2
[    0.280016] NMI watchdog: Perf NMI watchdog permanently disabled
[    0.284178] smp: Bringing up secondary CPUs ...
[    0.288019] smp: Brought up 1 node, 1 CPU
[    0.292019] smpboot: Max logical packages: 1
[    0.296018] smpboot: Total of 1 processors activated (5807.99 BogoMIPS)
[    0.300458] devtmpfs: initialized
[    0.304193] x86/mm: Memory block size: 128MB
[    0.308406] evm: security.selinux
[    0.312027] evm: security.SMACK64
[    0.316019] evm: security.SMACK64EXEC
[    0.320017] evm: security.SMACK64TRANSMUTE
[    0.324013] evm: security.SMACK64MMAP
[    0.328012] evm: security.apparmor
[    0.336017] evm: security.ima
[    0.340012] evm: security.capability
[    0.344377] clocksource: jiffies: mask: 0xffffffff max_cycles: 0xffffffff, max_idle_ns: 7645041785100000 ns
[    0.348111] futex hash table entries: 256 (order: 2, 16384 bytes)
[    0.356167] pinctrl core: initialized pinctrl subsystem
[    0.361887] RTC time:  1:39:42, date: 11/10/24
[    0.364506] NET: Registered protocol family 16
[    0.368353] audit: initializing netlink subsys (disabled)
[    0.372425] cpuidle: using governor ladder
[    0.376027] audit: type=2000 audit(1731202788.598:1): state=initialized audit_enabled=0 res=1
[    0.384032] cpuidle: using governor menu
[    0.388157] ACPI: bus type PCI registered
[    0.392015] acpiphp: ACPI Hot Plug PCI Controller Driver version: 0.5
[    0.400181] PCI: Using configuration type 1 for base access
[    0.408000] HugeTLB registered 2.00 MiB page size, pre-allocated 0 pages
[    0.408588] ACPI: Added _OSI(Module Device)
[    0.412021] ACPI: Added _OSI(Processor Device)
[    0.416019] ACPI: Added _OSI(3.0 _SCP Extensions)
[    0.420015] ACPI: Added _OSI(Processor Aggregator Device)
[    0.424045] ACPI: Added _OSI(Linux-Dell-Video)
[    0.428090] ACPI: Added _OSI(Linux-Lenovo-NV-HDMI-Audio)
[    0.432022] ACPI: Added _OSI(Linux-HPI-Hybrid-Graphics)
[    0.440711] ACPI: Executed 1 blocks of module-level executable AML code
[    0.463067] ACPI: Interpreter enabled
[    0.464118] ACPI: (supports S0 S5)
[    0.468014] ACPI: Using IOAPIC for interrupt routing
[    0.477978] PCI: Using host bridge windows from ACPI; if necessary, use "pci=nocrs" and report a bug
[    0.481377] ACPI: Enabled 2 GPEs in block 00 to 07
[    0.538890] ACPI: PCI Root Bridge [PCI0] (domain 0000 [bus 00-ff])
[    0.540039] acpi PNP0A03:00: _OSC: OS supports [ASPM ClockPM Segments MSI]
[    0.553110] acpi PNP0A03:00: _OSC: not requesting OS control; OS requires [ExtendedConfig ASPM ClockPM MSI]
[    0.556076] acpi PNP0A03:00: fail to add MMCONFIG information, can't access extended PCI configuration space under this bridge.
[    0.566168] PCI host bridge to bus 0000:00
[    0.572041] pci_bus 0000:00: root bus resource [io  0x0000-0x0cf7 window]
[    0.576032] pci_bus 0000:00: root bus resource [io  0x0d00-0xffff window]
[    0.580025] pci_bus 0000:00: root bus resource [mem 0x000a0000-0x000bffff window]
[    0.584021] pci_bus 0000:00: root bus resource [mem 0x20000000-0xfdffffff window]
[    0.588019] pci_bus 0000:00: root bus resource [bus 00-ff]
[    0.632357] pci 0000:00:01.1: legacy IDE quirk: reg 0x10: [io  0x01f0-0x01f7]
[    0.636022] pci 0000:00:01.1: legacy IDE quirk: reg 0x14: [io  0x03f6]
[    0.640023] pci 0000:00:01.1: legacy IDE quirk: reg 0x18: [io  0x0170-0x0177]
[    0.644023] pci 0000:00:01.1: legacy IDE quirk: reg 0x1c: [io  0x0376]
[    0.796746] pci 0000:00:07.0: quirk: [io  0x4000-0x403f] claimed by PIIX4 ACPI
[    0.800219] pci 0000:00:07.0: quirk: [io  0x4100-0x410f] claimed by PIIX4 SMB
[    0.872461] ACPI: PCI Interrupt Link [LNKA] (IRQs 5 9 10 *11)
[    0.881119] ACPI: PCI Interrupt Link [LNKB] (IRQs 5 9 *10 11)
[    0.889122] ACPI: PCI Interrupt Link [LNKC] (IRQs 5 *9 10 11)
[    0.896406] ACPI: PCI Interrupt Link [LNKD] (IRQs 5 9 10 *11)
[    0.901686] SCSI subsystem initialized
[    0.908426] pci 0000:00:02.0: vgaarb: setting as boot VGA device
[    0.912000] pci 0000:00:02.0: vgaarb: VGA device added: decodes=io+mem,owns=io+mem,locks=none
[    0.912021] pci 0000:00:02.0: vgaarb: bridge control possible
[    0.916012] vgaarb: loaded
[    0.920128] ACPI: bus type USB registered
[    0.924087] usbcore: registered new interface driver usbfs
[    0.928066] usbcore: registered new interface driver hub
[    0.932062] usbcore: registered new device driver usb
[    0.936216] EDAC MC: Ver: 3.0.0
[    0.944804] PCI: Using ACPI for IRQ routing
[    0.956087] NetLabel: Initializing
[    0.964019] NetLabel:  domain hash size = 128
[    0.972010] NetLabel:  protocols = UNLABELED CIPSOv4 CALIPSO
[    0.976105] NetLabel:  unlabeled traffic allowed by default
[    0.980591] clocksource: Switched to clocksource kvm-clock
[    1.321998] VFS: Disk quotas dquot_6.6.0
[    1.344497] VFS: Dquot-cache hash table entries: 512 (order 0, 4096 bytes)
[    1.384983] AppArmor: AppArmor Filesystem Enabled
[    1.411790] pnp: PnP ACPI init
[    1.440227] pnp: PnP ACPI: found 3 devices
[    1.489944] clocksource: acpi_pm: mask: 0xffffff max_cycles: 0xffffff, max_idle_ns: 2085701024 ns
[    1.532858] NET: Registered protocol family 2
[    1.560681] IP idents hash table entries: 8192 (order: 4, 65536 bytes)
[    1.596307] TCP established hash table entries: 4096 (order: 3, 32768 bytes)
[    1.635123] TCP bind hash table entries: 4096 (order: 4, 65536 bytes)
[    1.668395] TCP: Hash tables configured (established 4096 bind 4096)
[    1.702050] UDP hash table entries: 256 (order: 1, 8192 bytes)
[    1.732965] UDP-Lite hash table entries: 256 (order: 1, 8192 bytes)
[    1.768633] NET: Registered protocol family 1
[    1.793780] pci 0000:00:00.0: Limiting direct PCI/PCI transfers
[    1.823885] pci 0000:00:01.0: Activating ISA DMA hang workarounds
[    1.858231] pci 0000:00:02.0: Video device with shadowed ROM at [mem 0x000c0000-0x000dffff]
[    1.907994] Unpacking initramfs...
[    5.344487] Freeing initrd memory: 19528K
[    5.373277] clocksource: tsc: mask: 0xffffffffffffffff max_cycles: 0x29dc03c1beb, max_idle_ns: 440795205215 ns
[    5.425085] platform rtc_cmos: registered platform RTC device (no PNP device found)
[    5.466474] Scanning for low memory corruption every 60 seconds
[    5.501261] Initialise system trusted keyrings
[    5.525097] Key type blacklist registered
[    5.549550] workingset: timestamp_bits=36 max_order=17 bucket_order=0
[    5.594346] zbud: loaded
[    5.616937] squashfs: version 4.0 (2009/01/31) Phillip Lougher
[    5.648916] fuse init (API version 7.26)
[    5.674500] Key type asymmetric registered
[    5.706073] Asymmetric key parser 'x509' registered
[    5.732045] Block layer SCSI generic (bsg) driver version 0.4 loaded (major 246)
[    5.768878] io scheduler noop registered
[    5.791766] io scheduler deadline registered
[    5.815415] io scheduler cfq registered (default)
[    5.845966] ACPI: AC Adapter [AC] (on-line)
[    5.868210] input: Power Button as /devices/LNXSYSTM:00/LNXPWRBN:00/input/input0
[    5.907391] ACPI: Power Button [PWRF]
[    5.930301] input: Sleep Button as /devices/LNXSYSTM:00/LNXSLPBN:00/input/input1
[    5.968974] ACPI: Sleep Button [SLPF]
[    5.999942] Serial: 8250/16550 driver, 32 ports, IRQ sharing enabled
[    6.044703] ACPI: Battery Slot [BAT0] (battery present)
[    6.182779] 00:02: ttyS0 at I/O 0x3f8 (irq = 4, base_baud = 115200) is a 16550A
[    6.238529] Linux agpgart interface v0.103
[    6.271275] loop: module loaded
[    6.303784] scsi host0: ata_piix
[    6.324725] scsi host1: ata_piix
[    6.343999] ata1: PATA max UDMA/33 cmd 0x1f0 ctl 0x3f6 bmdma 0xd000 irq 14
[    6.383446] ata2: PATA max UDMA/33 cmd 0x170 ctl 0x376 bmdma 0xd008 irq 15
[    6.430952] tun: Universal TUN/TAP device driver, 1.6
[    6.460231] PPP generic driver version 2.4.2
[    6.485218] ehci_hcd: USB 2.0 'Enhanced' Host Controller (EHCI) Driver
[    6.519437] ehci-pci: EHCI PCI platform driver
[    6.543589] ehci-platform: EHCI generic platform driver
[    6.570811] ohci_hcd: USB 1.1 'Open' Host Controller (OHCI) Driver
[    6.816155] ohci-pci: OHCI PCI platform driver
[    6.841920] ohci-platform: OHCI generic platform driver
[    6.870682] uhci_hcd: USB Universal Host Controller Interface driver
[    6.905127] i8042: PNP: PS/2 Controller [PNP0303:PS2K,PNP0f03:PS2M] at 0x60,0x64 irq 1,12
[    6.963628] serio: i8042 KBD port at 0x60,0x64 irq 1
[    6.989532] serio: i8042 AUX port at 0x60,0x64 irq 12
[    7.016808] mousedev: PS/2 mouse device common for all mice
[    7.065560] input: AT Translated Set 2 keyboard as /devices/platform/i8042/serio0/input/input2
[    7.108905] rtc_cmos rtc_cmos: rtc core: registered rtc_cmos as rtc0
[    7.150374] rtc_cmos rtc_cmos: alarms up to one day, 114 bytes nvram
[    7.189378] i2c /dev entries driver
[    7.209330] device-mapper: uevent: version 1.0.3
[    7.239412] device-mapper: ioctl: 4.37.0-ioctl (2017-09-20) initialised: dm-devel@redhat.com
[    7.287275] ledtrig-cpu: registered to indicate activity on CPUs
[    7.324226] NET: Registered protocol family 10
[    7.379601] Segment Routing with IPv6
[    7.401348] NET: Registered protocol family 17
[    7.425293] Key type dns_resolver registered
[    7.449914] mce: Using 0 MCE banks
[    7.471893] RAS: Correctable Errors collector initialized.
[    7.507792] sched_clock: Marking stable (7507462137, 0)->(13854861193, -6347399056)
[    7.548423] registered taskstats version 1
[    7.573268] Loading compiled-in X.509 certificates
[    7.615712] Loaded X.509 cert 'Build time autogenerated kernel key: b5b26778eaa3ab3a4a6cee031137706e947d12ad'
[    7.668763] Loaded X.509 cert 'Canonical Ltd. Live Patch Signing: 14df34d1a87cf37625abec039ef2bf521249b969'
[    7.721038] Loaded X.509 cert 'Canonical Ltd. Kernel Module Signing: 88f752e560a1e0737e31163a466ad7b70a850c19'
[    7.769823] blacklist: Loading compiled-in revocation X.509 certificates
[    7.805028] Loaded X.509 cert 'Canonical Ltd. Secure Boot Signing: 61482aa2830d0ab2ad5af10b7250da9033ddcef0'
[    7.852781] Loaded X.509 cert 'Canonical Ltd. Secure Boot Signing (2017): 242ade75ac4a15e50d50c84b0d45ff3eae707a03'
[    7.907392] Loaded X.509 cert 'Canonical Ltd. Secure Boot Signing (ESM 2018): 365188c1d374d6b07c3c8f240f8ef722433d6a8b'
[    7.958525] Loaded X.509 cert 'Canonical Ltd. Secure Boot Signing (2019): c0746fd6c5da3ae827864651ad66ae47fe24b3e8'
[    8.013124] Loaded X.509 cert 'Canonical Ltd. Secure Boot Signing (2021 v1): a8d54bbb3825cfb94fa13c9f8a594a195c107b8d'
[    8.065330] Loaded X.509 cert 'Canonical Ltd. Secure Boot Signing (2021 v2): 4cf046892d6fd3c9a5b03f98d845f90851dc6a8c'
[    8.125414] Loaded X.509 cert 'Canonical Ltd. Secure Boot Signing (2021 v3): 100437bb6de6e469b581e61cd66bce3ef4ed53af'
[    8.178058] Loaded X.509 cert 'Canonical Ltd. Secure Boot Signing (Ubuntu Core 2019): c1d57b8f6b743f23ee41f4f7ee292f06eecadfb9'
[    8.238921] zswap: loaded using pool lzo/zbud
[    8.288778] Key type big_key registered
[    8.309997] Key type trusted registered
[    8.342846] Key type encrypted registered
[    8.364972] AppArmor: AppArmor sha1 policy hashing enabled
[    8.394074] ima: No TPM chip found, activating TPM-bypass! (rc=-19)
[    8.427109] ima: Allocated hash algorithm: sha1
[    8.451331] evm: HMAC attrs: 0x1
[    8.472193]   Magic number: 0:19:660
[    8.494003] rtc_cmos rtc_cmos: setting system clock to 2024-11-10 01:39:51 UTC (1731202791)
[    8.542381] BIOS EDD facility v0.16 2004-Jun-25, 0 devices found
[    8.576998] EDD information not available.
[    8.618485] Freeing unused kernel image memory: 2480K
[    8.652853] Write protecting the kernel read-only data: 20480k
[    8.685620] Freeing unused kernel image memory: 2008K
[    8.712018] Freeing unused kernel image memory: 1820K
[    8.768890] x86/mm: Checked W+X mappings: passed, no W+X pages found.
[    8.804751] x86/mm: Checking user space page tables
[    8.865057] x86/mm: Checked W+X mappings: passed, no W+X pages found.
Loading, please wait...
starting version 237
[    9.543983] Fusion MPT base driver 3.04.20
[    9.568792] Copyright (c) 1999-2008 LSI Corporation
[    9.617292] e1000: Intel(R) PRO/1000 Network Driver - version 7.3.21-k8-NAPI
[    9.653055] e1000: Copyright (c) 1999-2006 Intel Corporation.
[    9.959323] SSE version of gcm_enc/dec engaged.
[   10.194130] Fusion MPT SPI Host driver 3.04.20
[   10.351735] input: ImExPS/2 Generic Explorer Mouse as /devices/platform/i8042/serio1/input/input4
[   12.997668] e1000 0000:00:03.0 eth0: (PCI:33MHz:32-bit) 02:3b:7b:b7:3b:2d
[   13.032986] e1000 0000:00:03.0 eth0: Intel(R) PRO/1000 Network Connection
[   13.078231] mptbase: ioc0: Initiating bringup
[   13.244844] ioc0: LSI53C1030 A0: Capabilities={Initiator}
[   13.620920] scsi host2: ioc0: LSI53C1030 A0, FwRev=00000000h, Ports=1, MaxQ=256, IRQ=20
[   13.838201] scsi 2:0:0:0: Direct-Access     VBOX     HARDDISK         1.0  PQ: 0 ANSI: 5
[   13.902680] scsi target2:0:0: Beginning Domain Validation
[   14.140064] scsi target2:0:0: Domain Validation skipping write tests
[   14.174226] scsi target2:0:0: Ending Domain Validation
[   14.269368] scsi target2:0:0: asynchronous
[   14.402777] scsi 2:0:1:0: Direct-Access     VBOX     HARDDISK         1.0  PQ: 0 ANSI: 5
[   14.507894] scsi target2:0:1: Beginning Domain Validation
[   14.858140] scsi target2:0:1: Domain Validation skipping write tests
[   14.890712] scsi target2:0:1: Ending Domain Validation
[   14.964111] scsi target2:0:1: asynchronous
[   15.487234] sd 2:0:0:0: [sda] 83886080 512-byte logical blocks: (42.9 GB/40.0 GiB)
[   15.527868] sd 2:0:0:0: Attached scsi generic sg0 type 0
[   15.604136] sd 2:0:0:0: [sda] Write Protect is off
[   15.636179] sd 2:0:1:0: Attached scsi generic sg1 type 0
[   15.672137] sd 2:0:1:0: [sdb] 20480 512-byte logical blocks: (10.5 MB/10.0 MiB)
[   15.751020] sd 2:0:0:0: [sda] Incomplete mode parameter data
[   15.779377] sd 2:0:0:0: [sda] Assuming drive cache: write through
[   15.818753] sd 2:0:1:0: [sdb] Write Protect is off
[   15.885007] sd 2:0:1:0: [sdb] Incomplete mode parameter data
[   15.913703] sd 2:0:1:0: [sdb] Assuming drive cache: write through
[   16.038053]  sda: sda1
[   16.112981] sd 2:0:1:0: [sdb] Attached SCSI disk
[   16.145887] sd 2:0:0:0: [sda] Attached SCSI disk
[   17.530478] e1000 0000:00:08.0 eth1: (PCI:33MHz:32-bit) 08:00:27:af:31:c3
[   17.565042] e1000 0000:00:08.0 eth1: Intel(R) PRO/1000 Network Connection
[   17.624526] e1000 0000:00:08.0 enp0s8: renamed from eth1
[   17.667818] e1000 0000:00:03.0 enp0s3: renamed from eth0
Begin: Loading essential drivers ... [   24.072722] raid6: sse2x1   gen()  1442 MB/s
[   24.164377] raid6: sse2x1   xor()   895 MB/s
[   24.244710] raid6: sse2x2   gen()  1971 MB/s
[   24.316952] raid6: sse2x2   xor()   950 MB/s
[   24.404952] raid6: sse2x4   gen()  1496 MB/s
[   24.472809] raid6: sse2x4   xor()  1566 MB/s
[   24.493054] raid6: using algorithm sse2x2 gen() 1971 MB/s
[   24.530612] raid6: .... xor() 950 MB/s, rmw enabled
[   24.561888] raid6: using ssse3x2 recovery algorithm
[   24.598939] xor: measuring software checksum speed
[   24.732494]    prefetch64-sse:  8159.000 MB/sec
[   24.868322]    generic_sse:  7278.000 MB/sec
[   24.895908] xor: using function: prefetch64-sse (8159.000 MB/sec)
[   24.935844] async_tx: api initialized (async)
done.
Begin: Running /scripts/init-premount ... done.
Begin: Mounting root file system ... Begin: Running /scripts/local-top ... done.
Begin: Running /scripts/local-premount ... [   25.439310] Btrfs loaded, crc32c=crc32c-intel
Scanning for Btrfs filesystems
done.
Warning: fsck not present, so skipping root file system
[   25.819656] EXT4-fs (sda1): mounted filesystem with ordered data mode. Opts: (null)
done.
Begin: Running /scripts/local-bottom ... done.
Begin: Running /scripts/init-bottom ... done.
[   27.120882] ip_tables: (C) 2000-2006 Netfilter Core Team
[   27.277315] systemd[1]: systemd 237 running in system mode. (+PAM +AUDIT +SELINUX +IMA +APPARMOR +SMACK +SYSVINIT +UTMP +LIBCRYPTSETUP +GCRYPT +GNUTLS +ACL +XZ +LZ4 +SECCOMP +BLKID +ELFUTILS +KMOD -IDN2 +IDN -PCRE2 default-hierarchy=hybrid)
[   27.381761] systemd[1]: Detected virtualization oracle.
[   27.406873] systemd[1]: Detected architecture x86-64.

Welcome to [1mUbuntu 18.04.6 LTS[0m!

[   27.474531] systemd[1]: Set hostname to <ubuntu>.
[   27.546289] systemd[1]: Initializing machine ID from random generator.
[   27.581058] systemd[1]: Installed transient /etc/machine-id file.
[   29.456940] systemd[1]: Created slice User and Session Slice.
[[0;32m  OK  [0m] Created slice User and Session Slice.
[   29.517020] systemd[1]: Reached target Swap.
[[0;32m  OK  [0m] Reached target Swap.
[   29.566773] systemd[1]: Set up automount Arbitrary Executable File Formats File System Automount Point.
[[0;32m  OK  [0m] Set up automount Arbitrary Executabâ€¦rmats File System Automount Point.
[   29.649248] systemd[1]: Reached target Mounting snaps.
[[0;32m  OK  [0m] Reached target Mounting snaps.
[[0;32m  OK  [0m] Started Forward Password Requests to Wall Directory Watch.
[[0;32m  OK  [0m] Reached target Mounted snaps.
[[0;32m  OK  [0m] Reached target System Time Synchronized.
[[0;32m  OK  [0m] Reached target User and Group Name Lookups.
[[0;32m  OK  [0m] Created slice System Slice.
[[0;32m  OK  [0m] Listening on udev Kernel Socket.
[[0;32m  OK  [0m] Listening on LVM2 poll daemon socket.
[[0;32m  OK  [0m] Listening on /dev/initctl Compatibility Named Pipe.
[[0;32m  OK  [0m] Created slice system-serial\x2dgetty.slice.
[[0;32m  OK  [0m] Listening on Device-mapper event daemon FIFOs.
[[0;32m  OK  [0m] Listening on fsck to fsckd communication Socket.
[[0;32m  OK  [0m] Reached target Slices.
[[0;32m  OK  [0m] Listening on Network Service Netlink Socket.
[[0;32m  OK  [0m] Listening on Journal Socket.
         Mounting Huge Pages File System...
         Mounting POSIX Message Queue File System...
         Starting Load Kernel Modules...
         Starting Create list of required stâ€¦ce nodes for the current kernel...[   30.247542] Loading iSCSI transport class v2.0-870.

         Starting File System Check on Root Device...
         Starting Uncomplicated firewall...
[[0;32m  OK  [0m] Listening on Journal Socket (/dev/log).
[[0;32m  OK  [0m] Listening on Journal Audit Socket.[   30.477443] iscsi: registered transport (tcp)

[[0;32m  OK  [0m] Listening on LVM2 metadata daemon socket.
[[0;32m  OK  [0m] Listening on Syslog Socket.
         Starting Journal Service...
[[0;32m  OK  [0m] Listening on udev Control Socket.
         Starting udev Coldplug all Devices...
         Mounting Kernel Debug File System...
         Starting Set the console keyboard layout...
         Starting Monitoring of LVM2 mirrorsâ€¦ng dmeventd or progress polling...
[[0;32m  OK  [0m] Mounted Huge Pages File System.
[[0;32m  OK  [0m] Mounted POSIX Message Queue File System.
[   31.159601] iscsi: registered transport (iser)
[[0;32m  OK  [0m] Started Create list of required staâ€¦vice nodes for the current kernel.
[[0;32m  OK  [0m] Started File System Check on Root Device.
[[0;32m  OK  [0m] Started Uncomplicated firewall.
[[0;32m  OK  [0m] Mounted Kernel Debug File System.
[[0;32m  OK  [0m] Started File System Check Daemon to report status.
         Starting Remount Root and Kernel File Systems...
         Starting Create Static Device Nodes in /dev...
[[0;32m  OK  [0m] Started Load Kernel Modules.
         Mounting FUSE Control File System...
         Starting Apply Kernel Variables...
         Mounting Kernel Configuration File System...
[[0;32m  OK  [0m] Mounted FUSE Control File System.
[[0;32m  OK  [0m] Mounted Kernel Configuration File System.
[   32.065206] EXT4-fs (sda1): re-mounted. Opts: (null)
[[0;32m  OK  [0m] Started LVM2 metadata daemon.
[[0;32m  OK  [0m] Started Apply Kernel Variables.
[[0;32m  OK  [0m] Started Create Static Device Nodes in /dev.
[[0;32m  OK  [0m] Started Journal Service.
[[0;32m  OK  [0m] Started Remount Root and Kernel File Systems.
         Starting Load/Save Random Seed...
         Starting Flush Journal to Persistent Storage...
         Starting udev Kernel Device Manager...
[[0;32m  OK  [0m] Started Monitoring of LVM2 mirrors,â€¦sing dmeventd or progress polling.
[[0;32m  OK  [0m] Started Load/Save Random Seed.
[[0;32m  OK  [0m] Started udev Coldplug all Devices.
[[0;32m  OK  [0m] Started Flush Journal to Persistent Storage.
[[0;32m  OK  [0m] Started udev Kernel Device Manager.
[[0;32m  OK  [0m] Found device /dev/ttyS0.
[[0;32m  OK  [0m] Listening on Load/Save RF Kill Switch Status /dev/rfkill Watch.
[[0;32m  OK  [0m] Started Set the console keyboard layout.
         Mounting Arbitrary Executable File Formats File System...
[[0;32m  OK  [0m] Reached target Local File Systems (Pre).
[[0;32m  OK  [0m] Reached target Local File Systems.
         Starting Set console font and keymap...
         Starting Commit a transient machine-id on disk...
         Starting Tell Plymouth To Write Out Runtime Data...
         Starting AppArmor initialization...
         Starting ebtables ruleset management...
         Starting Create Volatile Files and Directories...
[[0;32m  OK  [0m] Started Dispatch Password Requests to Console Directory Watch.
[[0;32m  OK  [0m] Reached target Local Encrypted Volumes.
[[0;32m  OK  [0m] Mounted Arbitrary Executable File Formats File System.
[[0;32m  OK  [0m] Started Commit a transient machine-id on disk.
[[0;32m  OK  [0m] Started Tell Plymouth To Write Out Runtime Data.
[[0;32m  OK  [0m] Started Create Volatile Files and Directories.
         Starting Update UTMP about System Boot/Shutdown...
[[0;32m  OK  [0m] Started Update UTMP about System Boot/Shutdown.
[[0;32m  OK  [0m] Started ebtables ruleset management.
[[0;32m  OK  [0m] Started AppArmor initialization.
         Starting Load AppArmor profiles managed internally by snapd...
         Starting Initial cloud-init job (pre-networking)...
[[0;32m  OK  [0m] Started Load AppArmor profiles managed internally by snapd.
[[0;32m  OK  [0m] Started Set console font and keymap.
[   66.624840] cloud-init[754]: Cloud-init v. 23.1.2-0ubuntu0~18.04.1 running 'init-local' at Sun, 10 Nov 2024 01:40:47 +0000. Up 64.31 seconds.
[[0;32m  OK  [0m] Started Initial cloud-init job (pre-networking).
[[0;32m  OK  [0m] Reached target Network (Pre).
         Starting Network Service...
[[0;32m  OK  [0m] Started Network Service.
         Starting Wait for Network to be Configured...
         Starting Network Name Resolution...
[[0;32m  OK  [0m] Started Network Name Resolution.
[[0;32m  OK  [0m] Reached target Network.
[[0;32m  OK  [0m] Reached target Host and Network Name Lookups.
[[0;32m  OK  [0m] Started Wait for Network to be Configured.
         Starting Initial cloud-init job (metadata service crawler)...
[   73.995327] cloud-init[891]: Cloud-init v. 23.1.2-0ubuntu0~18.04.1 running 'init' at Sun, 10 Nov 2024 01:40:55 +0000. Up 72.63 seconds.
[   74.103016] cloud-init[891]: ci-info: ++++++++++++++++++++++++++++++++++++++Net device info+++++++++++++++++++++++++++++++++++++++
[   74.228834] cloud-init[891]: ci-info: +--------+-------+----------------------------+---------------+--------+-------------------+
[   74.315330] cloud-init[891]: ci-info: | Device |   Up  |          Address           |      Mask     | Scope  |     Hw-Address    |
[   74.434724] cloud-init[891]: ci-info: +--------+-------+----------------------------+---------------+--------+-------------------+
[   74.534812] cloud-init[891]: ci-info: | enp0s3 |  True |         10.0.2.15          | 255.255.255.0 | global | 02:3b:7b:b7:3b:2d |
[   74.600924] cloud-init[891]: ci-info: | enp0s3 |  True | fd00::3b:7bff:feb7:3b2d/64 |       .       | global | 02:3b:7b:b7:3b:2d |
[   74.705847] cloud-init[891]: ci-info: | enp0s3 |  True | fe80::3b:7bff:feb7:3b2d/64 |       .       |  link  | 02:3b:7b:b7:3b:2d |
[   74.798389] cloud-init[891]: ci-info: | enp0s8 | False |             .              |       .       |   .    | 08:00:27:af:31:c3 |
[   74.882003] cloud-init[891]: ci-info: |   lo   |  True |         127.0.0.1          |   255.0.0.0   |  host  |         .         |
[   74.978815] cloud-init[891]: ci-info: |   lo   |  True |          ::1/128           |       .       |  host  |         .         |
[   75.054279] cloud-init[891]: ci-info: +--------+-------+----------------------------+---------------+--------+-------------------+
[   75.127239] cloud-init[891]: ci-info: ++++++++++++++++++++++++++++Route IPv4 info+++++++++++++++++++++++++++++
[   75.225662] cloud-init[891]: ci-info: +-------+-------------+----------+-----------------+-----------+-------+
[   75.297513] cloud-init[891]: ci-info: | Route | Destination | Gateway  |     Genmask     | Interface | Flags |
[   75.377932] cloud-init[891]: ci-info: +-------+-------------+----------+-----------------+-----------+-------+
[   75.447808] cloud-init[891]: ci-info: |   0   |   0.0.0.0   | 10.0.2.2 |     0.0.0.0     |   enp0s3  |   UG  |
[   75.516145] cloud-init[891]: ci-info: |   1   |   10.0.2.0  | 0.0.0.0  |  255.255.255.0  |   enp0s3  |   U   |
[   75.614200] cloud-init[891]: ci-info: |   2   |   10.0.2.2  | 0.0.0.0  | 255.255.255.255 |   enp0s3  |   UH  |
[   75.697877] cloud-init[891]: ci-info: +-------+-------------+----------+-----------------+-----------+-------+
[   75.785554] cloud-init[891]: ci-info: +++++++++++++++++++Route IPv6 info+++++++++++++++++++
[   75.857694] cloud-init[891]: ci-info: +-------+-------------+---------+-----------+-------+
[   75.938361] cloud-init[891]: ci-info: | Route | Destination | Gateway | Interface | Flags |
[   76.030605] cloud-init[891]: ci-info: +-------+-------------+---------+-----------+-------+
[   76.114369] cloud-init[891]: ci-info: |   1   |  fd00::/64  |    ::   |   enp0s3  |   U   |
[   76.195114] cloud-init[891]: ci-info: |   2   |  fe80::/64  |    ::   |   enp0s3  |   U   |
[   76.269992] cloud-init[891]: ci-info: |   3   |     ::/0    | fe80::2 |   enp0s3  |   UG  |
[   76.335679] cloud-init[891]: ci-info: |   5   |    local    |    ::   |   enp0s3  |   U   |
[   76.411843] cloud-init[891]: ci-info: |   6   |    local    |    ::   |   enp0s3  |   U   |
[   76.568026] cloud-init[891]: ci-info: |   7   |   ff00::/8  |    ::   |   enp0s3  |   U   |
[   76.663113] cloud-init[891]: ci-info: +-------+-------------+---------+-----------+-------+
[   81.569774] cloud-init[891]: Generating public/private rsa key pair.
[   81.664684] cloud-init[891]: Your identification has been saved in /etc/ssh/ssh_host_rsa_key.
[   81.760999] cloud-init[891]: Your public key has been saved in /etc/ssh/ssh_host_rsa_key.pub.
[   81.821438] cloud-init[891]: The key fingerprint is:
[   81.892838] cloud-init[891]: SHA256:A4PsJqNZzfZWlrwej3517N4QCmlX3yyD1bS5lNbeaFM root@ubuntu-bionic
[   81.957005] cloud-init[891]: The key's randomart image is:
[   82.007255] cloud-init[[891]: [0;32m  OK  [0m+---[RSA 2048]----+] Started Initial cloud-init job (metadata service crawler).

[[   82.099484] [0;32m  OK  [0m] cloud-initReached target System Initialization.[891]: 
|                .|         
Starting LXD - unix socket.[   82.218991] 
[[0;32m  OK  [0m] Listening on cloud-init hotplug hook socket.cloud-init[891]: 
         |   . .         o=|Starting Socket activation for snappy daemon.

[[   82.339513] [0;32m  OK  [0m] Listening on D-Bus System Message Bus Socket.cloud-init[891]: 
|    o o       o*E|
[[   82.410079] [0;32m  OK  [0m] Started ACPI Events Check.cloud-init[891]: 
|   +   + . . +o*+|
[[   82.478335] [0;32m  OK  [0mcloud-init] [891]: Listening on Open-iSCSI iscsid Socket.|  + *   S + o.B.*|
[
[0;32m  OK  [0m[   82.556052] ] cloud-initListening on ACPID Listen Socket.[891]: | + = . o + o.oo= |
[[0;32m  OK  [0m
] [   82.622597] Started Discard unused blocks once a week.cloud-init[891]: 
|o     o o  ..o.  |[[0;32m  OK  [0m
] [   82.678246] Reached target Paths.cloud-init
[891]: [|     . . +.   .o |[0;32m  OK  [0m
] Started Ubuntu Advantage Timer for running repeated jobs.[   82.756280] 
cloud-init[891]: [[0;32m  OK  [0m|       .+..  .. .|] Started Daily apt download activities.

[   82.823511] [cloud-init[0;32m  OK  [0m[891]: +----[SHA256]-----+] 
Started Daily apt upgrade and clean activities.[   82.887871] 
cloud-init[891]: [Generating public/private dsa key pair.[0;32m  OK  [0m] Started Message of the Day.
[   82.956566] 
cloud-init[[891]: [0;32m  OK  [0mYour identification has been saved in /etc/ssh/ssh_host_dsa_key.] Listening on UUID daemon activation socket.

[[   83.038105] cloud-init[0;32m  OK  [0m[891]: Your public key has been saved in /etc/ssh/ssh_host_dsa_key.pub.] Started Daily Cleanup of Temporary Directories.

[   83.106000] [[0;32m  OK  [0mcloud-init] Reached target Timers.[891]: 
The key fingerprint is:[
[0;32m  OK  [0m[   83.190469] ] cloud-initReached target Cloud-config availability.[891]: SHA256:dSA7sNz4GtnLU+7HIpIDBd5EnSY/4V0hYe7G5BxvVZg root@ubuntu-bionic
[[0;32m  OK  [0m
] [   83.269565] Reached target Network is Online.cloud-init
[891]: [The key's randomart image is:[0;32m  OK  [0m] 
Reached target Remote File Systems (Pre).[   83.338087] 
cloud-init[[891]: [0;32m  OK  [0m+---[DSA 1024]----+] Reached target Remote File Systems.
[   83.420501] 
         cloud-initStarting Availability of block devices...[891]: 
[[0;32m  OK  [0m|     .o...=... o.|] Listening on LXD - unix socket.

[   83.619530] [[0;32m  OK  [0m] Listening on Socket activation for snappy daemon.cloud-init
[891]: |    ..o=== o. E. |[
[0;32m  OK  [0m[   83.767671] ] Started Availability of block devices.cloud-init
[891]: [[0;32m  OK  [0m|   . ++=+o=.. .  |] Reached target Sockets.

[[0;32m  OK  [0m[   83.964035] cloud-init] [891]: Reached target Basic System.|    . o++O.+ .   |

[   84.022629]          cloud-init[891]: Starting Dispatcher daemon for systemd-networkd...|     .o S.B o    |
[[0;32m  OK  [0m] Started Deferred execution scheduler.

[[0;32m  OK  [0m] Started Regular background program processing daemon.
         [   84.398595] Starting Login Service...
[[0;32m  OK  [0mcloud-init] Started FUSE filesystem for LXC.
[891]:          Starting Virtualbox guest utils...
         Starting Permit User Sessions...|    .  + = .     |
         Starting Pollinate to seed the pseudo random number generator...
         Starting LSB: Record successful boot for GRUB...
[[0;32m  OK  [0m] 
Started D-Bus System Message Bus.
[   85.055480] cloud-init[891]: |     ...+ ..     |
[   85.433616] cloud-init[891]: |      + .o. o    |
[   85.644088] cloud-init[891]: |       o ..o     |[[0;32m  OK  [0m
] Started Login Service.
         [   85.930024] Starting Accounts Service...
         Starting LSB: automatic crash report generation...cloud-init
         Starting System Logging Service...
[891]:          Starting Snap Daemon...
+----[SHA256]-----+[[0;32m  OK  [0m] Started irqbalance daemon.
[[0;32m  OK  [0m] Started Unattended Upgrades Shutdown.
[
[0;32m  OK  [0m] Reached target Login Prompts (Pre).
         Starting LXD - container startup/shutdown...
[[   86.767017] [0;32m  OK  [0m] Started Permit User Sessions.
cloud-init         [891]: Starting Hostname Service...
         Starting Terminate Plymouth Boot Screen...Generating public/private ecdsa key pair.
         Starting Hold until boot process finishes up...

[   87.550465] [[0;32m  OK  [0m] Started Terminate Plymouth Boot Screen.
[[0;32m  OK  [0mcloud-init] Started Hold until boot process finishes up.
[[0;32m  OK  [0m] Started Serial Getty on ttyS0.
         Starting Set console scheme...
[891]: Your identification has been saved in /etc/ssh/ssh_host_ecdsa_key.         Starting Authorization Manager...
[[0;32m  OK  [0m] Started System Logging Service.

[[0;32m  OK  [0m] Started LSB: Record successful boot for GRUB.
[   89.044279] [[0;32m  OK  [0mcloud-init] Started Set console scheme.
[[0;32m  OK  [0m] Created slice system-getty.slice.[891]: 
[[0;32m  OK  [0m] Started Getty on tty1.Your public key has been saved in /etc/ssh/ssh_host_ecdsa_key.pub.
[[0;32m  OK  [0m] Reached target Login Prompts.

[   89.927462] cloud-init[891]: [[0;32m  OK  [0m] Started Hostname Service.
[[0;32m  OK  [0m] Started Authorization Manager.
The key fingerprint is:
[   90.614313] cloud-init[891]: SHA256:EGNouppNKI89ES3NfMYgNjwPfl/Smh4Wwn1B2bC8kzg root@ubuntu-bionic[[0;32m  OK  [0m] Started LSB: automatic crash report generation.

[   91.386571] cloud-init[891]: The key's randomart image is:[[0;32m  OK  [0m] Started Accounts Service.

[   91.853502] cloud-init[891]: +---[ECDSA 256]---+
[   92.109713] cloud-init[891]: | .   .+.o+       |
[   92.450544] cloud-init[891]: |  B +. +o..      |
[   92.809395] cloud-init[891]: | o # +..o.       |
[   93.300379] cloud-init[891]: |  = X Bo+o       |
[   93.579390] cloud-init[891]: | . = =EBS        |
[   93.877412] cloud-init[891]: |o +   *. .       |

Ubu[   94.405048] ncloud-initt[891]: u|.O . o .         | 1
8.0[   94.885953] 4cloud-init.[891]: 6|+ =   .          | L
T[   95.196536] cloud-initS [891]: ubuntu-bionic|   .             |
 ttyS0[   95.549130] 
cloud-init[891]: 
+----[SHA256]-----+
ubuntu-bionic[   95.800468]  cloud-initlogin: [891]: Generating public/private ed25519 key pair.
[   96.015442] cloud-init[891]: Your identification has been saved in /etc/ssh/ssh_host_ed25519_key.
[   96.320448] cloud-init[891]: Your public key has been saved in /etc/ssh/ssh_host_ed25519_key.pub.
[   96.554483] cloud-init[891]: The key fingerprint is:
[   96.821807] cloud-init[891]: SHA256:7bk5ivIxF7hOWymce/OT4hbmRjcfQrsg/nOZVkg7Z0s root@ubuntu-bionic
[   97.166380] cloud-init[891]: The key's randomart image is:
[   97.335928] cloud-init[891]: +--[ED25519 256]--+
[   97.526972] cloud-init[891]: |                 |
[   97.703258] cloud-init[891]: |                 |
[   97.893562] cloud-init[891]: |                 |
[   98.069297] cloud-init[891]: |       . .o      |
[   98.182709] cloud-init[891]: |      . So.+     |
[   98.359855] cloud-init[891]: |     ..o=+O.E    |
[   98.531308] cloud-init[891]: |     .O=++o# o   |
[   98.687745] cloud-init[891]: |    .o.XO Xoo    |
[   98.867676] cloud-init[891]: |     o**+O+o     |
[   99.014427] cloud-init[891]: +----[SHA256]-----+
[  130.831749] cloud-init[1479]: Cloud-init v. 23.1.2-0ubuntu0~18.04.1 running 'modules:config' at Sun, 10 Nov 2024 01:41:49 +0000. Up 126.39 seconds.
ci-info: no authorized SSH keys fingerprints found for user ubuntu.
<14>Nov 10 01:42:02 cloud-init: #############################################################
<14>Nov 10 01:42:02 cloud-init: -----BEGIN SSH HOST KEY FINGERPRINTS-----
<14>Nov 10 01:42:02 cloud-init: 1024 SHA256:dSA7sNz4GtnLU+7HIpIDBd5EnSY/4V0hYe7G5BxvVZg root@ubuntu-bionic (DSA)
<14>Nov 10 01:42:02 cloud-init: 256 SHA256:EGNouppNKI89ES3NfMYgNjwPfl/Smh4Wwn1B2bC8kzg root@ubuntu-bionic (ECDSA)
<14>Nov 10 01:42:02 cloud-init: 256 SHA256:7bk5ivIxF7hOWymce/OT4hbmRjcfQrsg/nOZVkg7Z0s root@ubuntu-bionic (ED25519)
<14>Nov 10 01:42:03 cloud-init: 2048 SHA256:A4PsJqNZzfZWlrwej3517N4QCmlX3yyD1bS5lNbeaFM root@ubuntu-bionic (RSA)
<14>Nov 10 01:42:03 cloud-init: -----END SSH HOST KEY FINGERPRINTS-----
<14>Nov 10 01:42:03 cloud-init: #############################################################
-----BEGIN SSH HOST KEY KEYS-----
ecdsa-sha2-nistp256 AAAAE2VjZHNhLXNoYTItbmlzdHAyNTYAAAAIbmlzdHAyNTYAAABBBF5nnMsNQrFUOOydFj0jSfGu/NfWipIBDo42DWTE0AiuBqQK7JAU1Sfk3aQxFYYJPVGmqZ6EB0p3ZS6/WQT4YsM= root@ubuntu-bionic
ssh-ed25519 AAAAC3NzaC1lZDI1NTE5AAAAIBMLkjuUFWT4ZbJRm2ceGzuTPhBZONvuVLZt76qrMxXX root@ubuntu-bionic
ssh-rsa AAAAB3NzaC1yc2EAAAADAQABAAABAQCqn/l0zkTIOPpk+Naeo6ZYFJ0ewWRAto++qAkMf2+nXrHnuiz7ToOsdWM77SSIq9Jvc0i3mqoUsHj4Z4737O9xWECb3oR7XYQa14X1IughU4/5HUraWToaGQ1n84dK6qBkKeEf9YZj6Jb8eiXEIrY/ARfUlLlw65JQyu6SmN0JdCrLgI+ZhMBcGcq57/47LKn0lYYBU673c1B2nT/k8FgnTbjjI394bTrsE03QLYajBkgLlZy3Q/xdAauoWrkGnOWKkJ1O6RGhFmKq7RAjVCWrSKJYYZo/P5OgyVzLX+2WjjpHtee5Q/pdvtTRrmrm8kltBI2nyVBWdEBvgHqQEu7p root@ubuntu-bionic
-----END SSH HOST KEY KEYS-----
[  140.685436] cloud-init[1610]: Cloud-init v. 23.1.2-0ubuntu0~18.04.1 running 'modules:final' at Sun, 10 Nov 2024 01:42:00 +0000. Up 137.81 seconds.
[  140.837423] cloud-init[1610]: Cloud-init v. 23.1.2-0ubuntu0~18.04.1 finished at Sun, 10 Nov 2024 01:42:03 +0000. Datasource DataSourceNoCloud [seed=/dev/sdb][dsmode=net].  Up 140.60 seconds
